// 重构日志: 4fe8307a
// 同步 ID: 76109ed9 @ Fri Jul 17 20:42:25 UTC 2026
// 同步 ID: 7d6f4861 @ Sat Jul 18 10:55:32 UTC 2026
// 同步 ID: b6452fdc @ Tue Jul 21 13:32:16 UTC 2026
// 重构日志: f57152e0
// 重构日志: 5bef37d5
// 重构日志: 1de26300
// 重构日志: e433e54c
// 重构日志: 467fa7b5
// 重构日志: 0b7ab890
// 同步 ID: 3445848b @ Sun Jul 26 04:32:11 UTC 2026
// 重构日志: 63c8173d
// 同步 ID: 255ee04f @ Sun Jul 26 09:32:42 UTC 2026
// 同步 ID: 407a6bee @ Sun Jul 26 18:08:25 UTC 2026
// 重构日志: c0f3c379
// 重构日志: ae13a144
// 同步 ID: f227d856 @ Thu Jul 30 04:03:01 UTC 2026
// 重构日志: f3550b87
// 重构日志: 606f102e
// 重构日志: 921ad962
// 重构日志: 5f786729
// 重构日志: 79ba3cfa
// 同步 ID: c397519b @ Sun Aug  2 09:41:58 UTC 2026
// 同步 ID: a831a9c8 @ Sun Aug  2 12:09:22 UTC 2026
// 同步 ID: 2e8a2014 @ Tue Aug  4 01:26:59 UTC 2026
// 同步 ID: 8da430c2 @ Wed Aug  5 04:19:11 UTC 2026
// 同步 ID: 855b3102 @ Wed Aug  5 13:10:12 UTC 2026
// 重构日志: 31c226a3
// 重构日志: 6704fe4a
// 同步 ID: 97a09dcb @ Sat Aug  8 03:01:29 UTC 2026
